/opt/nvm/versions/node/v22.16.0/lib/node_modules/typescript/lib/lib.es5.d.ts
/opt/nvm/versions/node/v22.16.0/lib/node_modules/typescript/lib/lib.es2015.d.ts
/opt/nvm/versions/node/v22.16.0/lib/node_modules/typescript/lib/lib.es2016.d.ts
/opt/nvm/versions/node/v22.16.0/lib/node_modules/typescript/lib/lib.es2017.d.ts
/opt/nvm/versions/node/v22.16.0/lib/node_modules/typescript/lib/lib.es2018.d.ts
/opt/nvm/versions/node/v22.16.0/lib/node_modules/typescript/lib/lib.es2019.d.ts
/opt/nvm/versions/node/v22.16.0/lib/node_modules/typescript/lib/lib.es2020.d.ts
/opt/nvm/versions/node/v22.16.0/lib/node_modules/typescript/lib/lib.es2021.d.ts
/opt/nvm/versions/node/v22.16.0/lib/node_modules/typescript/lib/lib.es2022.d.ts
/opt/nvm/versions/node/v22.16.0/lib/node_modules/typescript/lib/lib.dom.d.ts
/opt/nvm/versions/node/v22.16.0/lib/node_modules/typescript/lib/lib.dom.iterable.d.ts
/opt/nvm/versions/node/v22.16.0/lib/node_modules/typescript/lib/lib.es2015.core.d.ts
/opt/nvm/versions/node/v22.16.0/lib/node_modules/typescript/lib/lib.es2015.collection.d.ts
/opt/nvm/versions/node/v22.16.0/lib/node_modules/typescript/lib/lib.es2015.generator.d.ts
/opt/nvm/versions/node/v22.16.0/lib/node_modules/typescript/lib/lib.es2015.iterable.d.ts
/opt/nvm/versions/node/v22.16.0/lib/node_modules/typescript/lib/lib.es2015.promise.d.ts
/opt/nvm/versions/node/v22.16.0/lib/node_modules/typescript/lib/lib.es2015.proxy.d.ts
/opt/nvm/versions/node/v22.16.0/lib/node_modules/typescript/lib/lib.es2015.reflect.d.ts
/opt/nvm/versions/node/v22.16.0/lib/node_modules/typescript/lib/lib.es2015.symbol.d.ts
/opt/nvm/versions/node/v22.16.0/lib/node_modules/typescript/lib/lib.es2015.symbol.wellknown.d.ts
/opt/nvm/versions/node/v22.16.0/lib/node_modules/typescript/lib/lib.es2016.array.include.d.ts
/opt/nvm/versions/node/v22.16.0/lib/node_modules/typescript/lib/lib.es2016.intl.d.ts
/opt/nvm/versions/node/v22.16.0/lib/node_modules/typescript/lib/lib.es2017.arraybuffer.d.ts
/opt/nvm/versions/node/v22.16.0/lib/node_modules/typescript/lib/lib.es2017.date.d.ts
/opt/nvm/versions/node/v22.16.0/lib/node_modules/typescript/lib/lib.es2017.object.d.ts
/opt/nvm/versions/node/v22.16.0/lib/node_modules/typescript/lib/lib.es2017.sharedmemory.d.ts
/opt/nvm/versions/node/v22.16.0/lib/node_modules/typescript/lib/lib.es2017.string.d.ts
/opt/nvm/versions/node/v22.16.0/lib/node_modules/typescript/lib/lib.es2017.intl.d.ts
/opt/nvm/versions/node/v22.16.0/lib/node_modules/typescript/lib/lib.es2017.typedarrays.d.ts
/opt/nvm/versions/node/v22.16.0/lib/node_modules/typescript/lib/lib.es2018.asyncgenerator.d.ts
/opt/nvm/versions/node/v22.16.0/lib/node_modules/typescript/lib/lib.es2018.asynciterable.d.ts
/opt/nvm/versions/node/v22.16.0/lib/node_modules/typescript/lib/lib.es2018.intl.d.ts
/opt/nvm/versions/node/v22.16.0/lib/node_modules/typescript/lib/lib.es2018.promise.d.ts
/opt/nvm/versions/node/v22.16.0/lib/node_modules/typescript/lib/lib.es2018.regexp.d.ts
/opt/nvm/versions/node/v22.16.0/lib/node_modules/typescript/lib/lib.es2019.array.d.ts
/opt/nvm/versions/node/v22.16.0/lib/node_modules/typescript/lib/lib.es2019.object.d.ts
/opt/nvm/versions/node/v22.16.0/lib/node_modules/typescript/lib/lib.es2019.string.d.ts
/opt/nvm/versions/node/v22.16.0/lib/node_modules/typescript/lib/lib.es2019.symbol.d.ts
/opt/nvm/versions/node/v22.16.0/lib/node_modules/typescript/lib/lib.es2019.intl.d.ts
/opt/nvm/versions/node/v22.16.0/lib/node_modules/typescript/lib/lib.es2020.bigint.d.ts
/opt/nvm/versions/node/v22.16.0/lib/node_modules/typescript/lib/lib.es2020.date.d.ts
/opt/nvm/versions/node/v22.16.0/lib/node_modules/typescript/lib/lib.es2020.promise.d.ts
/opt/nvm/versions/node/v22.16.0/lib/node_modules/typescript/lib/lib.es2020.sharedmemory.d.ts
/opt/nvm/versions/node/v22.16.0/lib/node_modules/typescript/lib/lib.es2020.string.d.ts
/opt/nvm/versions/node/v22.16.0/lib/node_modules/typescript/lib/lib.es2020.symbol.wellknown.d.ts
/opt/nvm/versions/node/v22.16.0/lib/node_modules/typescript/lib/lib.es2020.intl.d.ts
/opt/nvm/versions/node/v22.16.0/lib/node_modules/typescript/lib/lib.es2020.number.d.ts
/opt/nvm/versions/node/v22.16.0/lib/node_modules/typescript/lib/lib.es2021.promise.d.ts
/opt/nvm/versions/node/v22.16.0/lib/node_modules/typescript/lib/lib.es2021.string.d.ts
/opt/nvm/versions/node/v22.16.0/lib/node_modules/typescript/lib/lib.es2021.weakref.d.ts
/opt/nvm/versions/node/v22.16.0/lib/node_modules/typescript/lib/lib.es2021.intl.d.ts
/opt/nvm/versions/node/v22.16.0/lib/node_modules/typescript/lib/lib.es2022.array.d.ts
/opt/nvm/versions/node/v22.16.0/lib/node_modules/typescript/lib/lib.es2022.error.d.ts
/opt/nvm/versions/node/v22.16.0/lib/node_modules/typescript/lib/lib.es2022.intl.d.ts
/opt/nvm/versions/node/v22.16.0/lib/node_modules/typescript/lib/lib.es2022.object.d.ts
/opt/nvm/versions/node/v22.16.0/lib/node_modules/typescript/lib/lib.es2022.string.d.ts
/opt/nvm/versions/node/v22.16.0/lib/node_modules/typescript/lib/lib.es2022.regexp.d.ts
/opt/nvm/versions/node/v22.16.0/lib/node_modules/typescript/lib/lib.esnext.disposable.d.ts
/opt/nvm/versions/node/v22.16.0/lib/node_modules/typescript/lib/lib.decorators.d.ts
/opt/nvm/versions/node/v22.16.0/lib/node_modules/typescript/lib/lib.decorators.legacy.d.ts
/mnt/data/work/hanamesh-plugin-activity/src/core/types.ts
/mnt/data/work/hanamesh-plugin-activity/src/core/privacy.ts
/mnt/data/work/hanamesh-plugin-activity/src/core/project.ts
/mnt/data/work/hanamesh-plugin-activity/src/core/validate.ts
/mnt/data/work/hanamesh-plugin-activity/src/core/query.ts
/mnt/data/work/hanamesh-plugin-activity/src/core/store.ts
/mnt/data/work/hanamesh-plugin-activity/src/core/boundary.ts
/mnt/data/work/hanamesh-plugin-activity/src/core/view.ts
/mnt/data/work/hanamesh-plugin-activity/src/core/index.ts
/mnt/data/work/hanamesh-plugin-activity/src/host/contracts.d.ts
/mnt/data/work/hanamesh-plugin-activity/src/host/transport.js
/mnt/data/work/hanamesh-plugin-activity/src/host/mount.js
/mnt/data/work/hanamesh-plugin-activity/src/host/index.js
