{
  "artifact": "hanamesh-dsh-activity-0.1.0-rc.1.tgz",
  "sha256": "83e56301082cc18428a1165889802129e84aaffd6bae47371b4f1ae418e763a3",
  "bytes": 20484,
  "entries": 28,
  "inspection": "candidate package content matches current repository; isolated core import only",
  "consumerExit": 0,
  "consumerOutput": "PACKED_CORE_IMPORTED; UNKNOWN_NULL_CONFIRMED; HOST_ENTRY_NOT_EXECUTED",
  "hostRuntimeExecuted": false,
  "entriesList": [
    "package/LICENSE",
    "package/lib/core/boundary.js",
    "package/lib/core/index.js",
    "package/lib/host/index.js",
    "package/lib/host/mount.js",
    "package/lib/core/privacy.js",
    "package/lib/core/project.js",
    "package/lib/core/query.js",
    "package/lib/core/store.js",
    "package/lib/host/transport.js",
    "package/lib/core/types.js",
    "package/lib/core/validate.js",
    "package/lib/core/view.js",
    "package/consistency.json",
    "package/package.json",
    "package/README.md",
    "package/lib/core/boundary.d.ts",
    "package/lib/host/contracts.d.ts",
    "package/lib/core/index.d.ts",
    "package/lib/host/index.d.ts",
    "package/lib/core/privacy.d.ts",
    "package/lib/core/project.d.ts",
    "package/lib/core/query.d.ts",
    "package/lib/core/store.d.ts",
    "package/lib/core/types.d.ts",
    "package/lib/core/validate.d.ts",
    "package/lib/core/view.d.ts",
    "package/profile/cordis.patch.yml"
  ]
}
