TAP version 13
# Subtest: R3 refusal, outage and malformed bodies are unknown with bounded codes, never zero
not ok 1 - R3 refusal, outage and malformed bodies are unknown with bounded codes, never zero
  ---
  duration_ms: 11.660042
  type: 'test'
  location: '/Users/yzliu/.cache/hanamesh-runs/P04-USAGE-INT-01/source/hanamesh-usage/tests/remote.test.mjs:45:1'
  failureType: 'testCodeFailure'
  error: |-
    Expected values to be strictly equal:
    + actual - expected

    + 'available'
    - 'unknown'

  code: 'ERR_ASSERTION'
  name: 'AssertionError'
  expected: 'unknown'
  actual: 'available'
  operator: 'strictEqual'
  stack: |-
    TestContext.<anonymous> (file:///Users/yzliu/.cache/hanamesh-runs/P04-USAGE-INT-01/source/hanamesh-usage/tests/remote.test.mjs:55:12)
    async Test.run (node:internal/test_runner/test:1110:7)
    async startSubtestAfterBootstrap (node:internal/test_runner/harness:358:3)
  ...
1..1
# tests 1
# suites 0
# pass 0
# fail 1
# cancelled 0
# skipped 0
# todo 0
# duration_ms 60.660583
