{
  "src/core/boundary.ts": "7df93ef2d5077a3ca116bfdad4387ebcf1ebeffc3df0193cacae8b52e71ac145",
  "src/core/index.ts": "d66a538e17bcfb2b1fc9567172af9df91745fedf4603ff068b804ba640f921b8",
  "src/core/privacy.ts": "e4b5644d79866e2d12b8d1d3074437fa6aa18cba1aef24606203006accf081c2",
  "src/core/project.ts": "50677741faa52541ebc02ae496733b4da5df43d7fcaa34b5ecd134144c0c0a45",
  "src/core/query.ts": "14815e15544e5a730d390beb4e1fb1c3d2b055510d5c6f28e5d34d2a53b4bc42",
  "src/core/store.ts": "2626482a713449df6488e8232716813005eb5b2e4031124444f471e44a71b385",
  "src/core/types.ts": "2d858259d844c83ab2060d35b74c3ad54a0bbd2064c702fec51761961d5e69db",
  "src/core/validate.ts": "e95babbb10ca436bd9cbcce0991044d33bc499abccc4354054714c2d5af6ad7c",
  "src/core/view.ts": "1bbce646d5afb5f0855eb0ae056123ec2eb03f0ff0dfcdfe5b535a5d66d60db1",
  "src/host/contracts.d.ts": "dafefb446724cbc37e9fa374a57a4cc49e4ede3d7296e977e3949168d6204ce3",
  "src/host/index.js": "2a79a65df8b411bdccfaad22689a2eac41e8e2d7f7b6e9a3c5319d9b4924a2db",
  "src/host/mount.js": "107bda07b0a6f8fc1327e7161340dc0ad2c414db29007c4fa36159cce08c7591",
  "src/host/transport.js": "2af0f7a1dcbb894f5691238f552a1dbcc7015de7049d3da8a710ef31b26c458d",
  "types/host-index.d.ts": "686e2837e109c3dc08512aed751d4bdc1723510bb66991c57930064bc924e43c",
  "lib/core/boundary.d.ts": "8dfd202f8aca3db4f93e0931fd73fff29fc5e35eef5c4e9fa6b9ffe0cda4cbf4",
  "lib/core/boundary.js": "aad8c707cea28f9ee0fa1ba87dd8a7e23e473835d23ed0d68ec443618d94ee0c",
  "lib/core/index.d.ts": "d66a538e17bcfb2b1fc9567172af9df91745fedf4603ff068b804ba640f921b8",
  "lib/core/index.js": "d66a538e17bcfb2b1fc9567172af9df91745fedf4603ff068b804ba640f921b8",
  "lib/core/privacy.d.ts": "e05cd5fa8c82e86289b9c807840663e3d8397c61f685004321f5a72d14643126",
  "lib/core/privacy.js": "165a4f4057ca8c1cf1a22d818554655a81bb22ea8053c71e9e0f033b530b61fb",
  "lib/core/project.d.ts": "c5086dac12d1f8281cc73cc24daef4c7e239f4a04089da1af6e9bee112ad2e23",
  "lib/core/project.js": "aa06af8079e24b1dcf43dadee192d9592c2a9e93bf928ea2cd3fb1708ee21719",
  "lib/core/query.d.ts": "b475592fb8f689bbe7875a387d347cb37fedb2e5253665f053834f9d404cdb29",
  "lib/core/query.js": "76473131cf1aeb3cd918abd379585afeac4ab0248d7d6af86dd707b926d3962a",
  "lib/core/store.d.ts": "70a0a903c1695e7664345646a7f35dbbd9bc606991b433dcb92811567eb11af5",
  "lib/core/store.js": "416088fd159e211f3270a5d0929f2e00b630e389b0b5ebd9982d5d1a9384672c",
  "lib/core/types.d.ts": "656f443a1cab42e8e4df45f6c012a4dda7cc457d56834054f07535311249ec96",
  "lib/core/types.js": "8e609bb71c20b858c77f0e9f90bb1319db8477b13f9f965f1a1e18524bf50881",
  "lib/core/validate.d.ts": "0c5e3e26ddbe146e984b75cd5829d9b1c4c84785b1063979949c7582b47c8355",
  "lib/core/validate.js": "cdbcf8514b3503da6519a7707e6e45503cd70b5b69b4b9fab93b3be3877820d3",
  "lib/core/view.d.ts": "807e10cd7b5e4a6a27ff1f2632bdaac9bb0f5d193a5822f9ac87b80422af95bf",
  "lib/core/view.js": "c3692e654fb32a66ff54e2331a0ed2b6e45cce09cc7497d65ef98d176db814a9",
  "lib/host/contracts.d.ts": "dafefb446724cbc37e9fa374a57a4cc49e4ede3d7296e977e3949168d6204ce3",
  "lib/host/index.d.ts": "686e2837e109c3dc08512aed751d4bdc1723510bb66991c57930064bc924e43c",
  "lib/host/index.js": "2a79a65df8b411bdccfaad22689a2eac41e8e2d7f7b6e9a3c5319d9b4924a2db",
  "lib/host/mount.js": "107bda07b0a6f8fc1327e7161340dc0ad2c414db29007c4fa36159cce08c7591",
  "lib/host/transport.js": "2af0f7a1dcbb894f5691238f552a1dbcc7015de7049d3da8a710ef31b26c458d"
}
