TAP version 13
# Subtest: U19 uninstall uses the uninstall identity key
not ok 1 - U19 uninstall uses the uninstall identity key
  ---
  duration_ms: 2.321208
  type: 'test'
  location: '/Users/yzliu/work/projects/hanamesh/hanamesh-usage/tests/inventory.test.mjs:36:1'
  failureType: 'testCodeFailure'
  error: |-
    Expected values to be strictly equal:
    + actual - expected

    + '5f9dd067-5e93-5073-b53c-0adbe8630524'
    - '00a2fd8b-fa91-5139-9ab5-7583e7083c97'

  code: 'ERR_ASSERTION'
  name: 'AssertionError'
  expected: '00a2fd8b-fa91-5139-9ab5-7583e7083c97'
  actual: '5f9dd067-5e93-5073-b53c-0adbe8630524'
  operator: 'strictEqual'
  stack: |-
    TestContext.<anonymous> (file:///Users/yzliu/work/projects/hanamesh/hanamesh-usage/tests/inventory.test.mjs:40:74)
    async Test.run (node:internal/test_runner/test:1110:7)
    async startSubtestAfterBootstrap (node:internal/test_runner/harness:358:3)
  ...
1..1
# tests 1
# suites 0
# pass 0
# fail 1
# cancelled 0
# skipped 0
# todo 0
# duration_ms 36.170542
