TAP version 13
# Subtest: X03 FIXTURE POSIX: SIGKILL between writes leaves source, never source-less summary
not ok 1 - X03 FIXTURE POSIX: SIGKILL between writes leaves source, never source-less summary
  ---
  duration_ms: 63.622292
  type: 'test'
  location: '/Users/yzliu/work/projects/hanamesh/hanamesh-usage/tests/crash/boundary.test.mjs:3:1'
  failureType: 'testCodeFailure'
  error: |-
    X03 safe side must contain original source

    false !== true

  code: 'ERR_ASSERTION'
  name: 'AssertionError'
  expected: true
  actual: false
  operator: 'strictEqual'
  stack: |-
    TestContext.<anonymous> (file:///Users/yzliu/work/projects/hanamesh/hanamesh-usage/tests/crash/boundary.test.mjs:7:12)
    process.processTicksAndRejections (node:internal/process/task_queues:103:5)
    async Test.run (node:internal/test_runner/test:1110:7)
    async startSubtestAfterBootstrap (node:internal/test_runner/harness:358:3)
  ...
# {"evidence":"FIXTURE_POSIX_NOT_DSH","label":"between-first-and-second-durable-side","code":null,"signal":"SIGKILL","sourcePresent":false,"summaryCount":1}
# Subtest: X03 FIXTURE POSIX: SIGKILL between Declaration and event leaves the Declaration safe side
ok 2 - X03 FIXTURE POSIX: SIGKILL between Declaration and event leaves the Declaration safe side
  ---
  duration_ms: 62.891541
  type: 'test'
  ...
# {"evidence":"FIXTURE_POSIX_NOT_DSH","label":"between-declaration-and-event","code":null,"signal":"SIGKILL","summaryCount":1,"eventCount":0}
1..2
# tests 2
# suites 0
# pass 1
# fail 1
# cancelled 0
# skipped 0
# todo 0
# duration_ms 155.7455
