Progress: resolved 1, reused 0, downloaded 0, added 0
Progress: resolved 10, reused 1, downloaded 1, added 0
Progress: resolved 11, reused 1, downloaded 1, added 0
Progress: resolved 14, reused 1, downloaded 4, added 0
Progress: resolved 14, reused 1, downloaded 5, added 0
 WARN  Tarball download average speed 7 KiB/s (size 14 KiB) is below 50 KiB/s: https://registry.npmjs.org/@better-auth/drizzle-adapter/-/drizzle-adapter-1.7.4.tgz (GET)
Progress: resolved 14, reused 1, downloaded 6, added 0
 WARN  Tarball download average speed 3 KiB/s (size 7 KiB) is below 50 KiB/s: https://registry.npmjs.org/pg-cloudflare/-/pg-cloudflare-1.4.1.tgz (GET)
Progress: resolved 14, reused 1, downloaded 7, added 0
Progress: resolved 19, reused 1, downloaded 7, added 0
Progress: resolved 20, reused 1, downloaded 7, added 0
 WARN  Tarball download average speed 6 KiB/s (size 38 KiB) is below 50 KiB/s: https://registry.npmjs.org/pg-protocol/-/pg-protocol-1.16.1.tgz (GET)
Progress: resolved 21, reused 1, downloaded 7, added 0
Progress: resolved 24, reused 1, downloaded 9, added 0
 WARN  Request took 12669ms: https://registry.npmjs.org/pg-pool
Progress: resolved 25, reused 1, downloaded 9, added 0
 WARN  Tarball download average speed 25 KiB/s (size 48 KiB) is below 50 KiB/s: https://registry.npmjs.org/@better-fetch/fetch/-/fetch-1.3.1.tgz (GET)
Progress: resolved 27, reused 1, downloaded 11, added 0
 WARN  Tarball download average speed 13 KiB/s (size 92 KiB) is below 50 KiB/s: https://registry.npmjs.org/better-call/-/better-call-1.4.0.tgz (GET)
 WARN  Tarball download average speed 7 KiB/s (size 14 KiB) is below 50 KiB/s: https://registry.npmjs.org/nanostores/-/nanostores-1.5.5.tgz (GET)
 WARN  Tarball download average speed 4 KiB/s (size 8 KiB) is below 50 KiB/s: https://registry.npmjs.org/@better-auth/telemetry/-/telemetry-1.7.4.tgz (GET)
Progress: resolved 30, reused 1, downloaded 15, added 0
Progress: resolved 32, reused 1, downloaded 16, added 0
 WARN  Tarball download average speed 3 KiB/s (size 5 KiB) is below 50 KiB/s: https://registry.npmjs.org/@better-auth/memory-adapter/-/memory-adapter-1.7.4.tgz (GET)
Progress: resolved 34, reused 1, downloaded 17, added 0
 WARN  Tarball download average speed 9 KiB/s (size 33 KiB) is below 50 KiB/s: https://registry.npmjs.org/ws/-/ws-8.18.3.tgz (GET)
Progress: resolved 34, reused 1, downloaded 18, added 0
 WARN  Tarball download average speed 1 KiB/s (size 5 KiB) is below 50 KiB/s: https://registry.npmjs.org/@better-auth/prisma-adapter/-/prisma-adapter-1.7.4.tgz (GET)
Progress: resolved 36, reused 1, downloaded 19, added 0
 WARN  Tarball download average speed 22 KiB/s (size 138 KiB) is below 50 KiB/s: https://registry.npmjs.org/@noble/ciphers/-/ciphers-2.4.0.tgz (GET)
 WARN  Tarball download average speed 0 KiB/s (size 5 KiB) is below 50 KiB/s: https://registry.npmjs.org/pg-connection-string/-/pg-connection-string-2.14.1.tgz (GET)
Progress: resolved 36, reused 1, downloaded 21, added 0
 WARN  Tarball download average speed 5 KiB/s (size 13 KiB) is below 50 KiB/s: https://registry.npmjs.org/@scure/bip32/-/bip32-1.7.0.tgz (GET)
Progress: resolved 36, reused 1, downloaded 22, added 0
 WARN  Tarball download average speed 14 KiB/s (size 163 KiB) is below 50 KiB/s: https://registry.npmjs.org/@noble/hashes/-/hashes-2.4.0.tgz (GET)
 WARN  Request took 23785ms: https://registry.npmjs.org/zod
Progress: resolved 38, reused 1, downloaded 23, added 0
 WARN  Tarball download average speed 32 KiB/s (size 315 KiB) is below 50 KiB/s: https://registry.npmjs.org/kysely/-/kysely-0.29.6.tgz (GET)
Progress: resolved 38, reused 1, downloaded 24, added 0
 WARN  Tarball download average speed 17 KiB/s (size 368 KiB) is below 50 KiB/s: https://registry.npmjs.org/better-auth/-/better-auth-1.7.4.tgz (GET)
Progress: resolved 40, reused 1, downloaded 26, added 0
Progress: resolved 41, reused 1, downloaded 26, added 0
Progress: resolved 42, reused 1, downloaded 27, added 0
Progress: resolved 42, reused 1, downloaded 29, added 0
Progress: resolved 44, reused 1, downloaded 32, added 0
 WARN  Tarball download average speed 15 KiB/s (size 303 KiB) is below 50 KiB/s: https://registry.npmjs.org/@better-auth/core/-/core-1.7.4.tgz (GET)
Progress: resolved 44, reused 1, downloaded 33, added 0
Progress: resolved 45, reused 1, downloaded 33, added 0
Progress: resolved 46, reused 1, downloaded 33, added 0
 WARN  Tarball download average speed 14 KiB/s (size 151 KiB) is below 50 KiB/s: https://registry.npmjs.org/@noble/hashes/-/hashes-1.8.0.tgz (GET)
Progress: resolved 46, reused 1, downloaded 34, added 0
 WARN  Request took 31406ms: https://registry.npmjs.org/jose
 WARN  Tarball download average speed 28 KiB/s (size 317 KiB) is below 50 KiB/s: https://registry.npmjs.org/@noble/curves/-/curves-1.9.1.tgz (GET)
Progress: resolved 47, reused 1, downloaded 35, added 0
 WARN  Request took 12158ms: https://registry.npmjs.org/postgres-bytea
Progress: resolved 48, reused 1, downloaded 35, added 0
Progress: resolved 49, reused 1, downloaded 35, added 0
Progress: resolved 49, reused 1, downloaded 36, added 0
Progress: resolved 50, reused 1, downloaded 38, added 0
 WARN  Tarball download average speed 18 KiB/s (size 130 KiB) is below 50 KiB/s: https://registry.npmjs.org/abitype/-/abitype-1.1.0.tgz (GET)
 WARN  Tarball download average speed 9 KiB/s (size 118 KiB) is below 50 KiB/s: https://registry.npmjs.org/@noble/ciphers/-/ciphers-1.3.0.tgz (GET)
Progress: resolved 50, reused 1, downloaded 41, added 0
 WARN  Request took 13759ms: https://registry.npmjs.org/@noble%2Fcurves
Progress: resolved 52, reused 1, downloaded 41, added 0
 WARN  Tarball download average speed 28 KiB/s (size 223 KiB) is below 50 KiB/s: https://registry.npmjs.org/@adraffy/ens-normalize/-/ens-normalize-1.11.1.tgz (GET)
Progress: resolved 53, reused 1, downloaded 43, added 0
Progress: resolved 54, reused 1, downloaded 44, added 0
Progress: resolved 54, reused 1, downloaded 45, added 0
 WARN  Tarball download average speed 10 KiB/s (size 24 KiB) is below 50 KiB/s: https://registry.npmjs.org/rou3/-/rou3-0.9.2.tgz (GET)
Progress: resolved 54, reused 1, downloaded 47, added 0
 WARN  Tarball download average speed 35 KiB/s (size 1191 KiB) is below 50 KiB/s: https://registry.npmjs.org/ox/-/ox-0.9.6.tgz (GET)
Progress: resolved 54, reused 1, downloaded 48, added 0
 WARN  Tarball download average speed 2 KiB/s (size 26 KiB) is below 50 KiB/s: https://registry.npmjs.org/@scure/base/-/base-1.2.6.tgz (GET)
Progress: resolved 54, reused 1, downloaded 49, added 0
 WARN  Request took 18527ms: https://registry.npmjs.org/@better-fetch%2Ffetch
Progress: resolved 54, reused 1, downloaded 50, added 0
Progress: resolved 54, reused 1, downloaded 51, added 0
 WARN  Request took 73229ms: https://registry.npmjs.org/@types%2Fnode
Progress: resolved 55, reused 1, downloaded 51, added 0
Progress: resolved 56, reused 1, downloaded 51, added 0
 WARN  Tarball download average speed 16 KiB/s (size 1195 KiB) is below 50 KiB/s: https://registry.npmjs.org/drizzle-orm/-/drizzle-orm-0.45.2.tgz (GET)
Progress: resolved 57, reused 1, downloaded 52, added 0
Progress: resolved 57, reused 1, downloaded 53, added 0
Progress: resolved 58, reused 1, downloaded 53, added 0
Progress: resolved 61, reused 1, downloaded 53, added 0
Progress: resolved 62, reused 1, downloaded 53, added 0
Progress: resolved 62, reused 1, downloaded 54, added 0
Progress: resolved 66, reused 1, downloaded 55, added 0
 WARN  Tarball download average speed 7 KiB/s (size 8 KiB) is below 50 KiB/s: https://registry.npmjs.org/@fastify/proxy-addr/-/proxy-addr-5.1.1.tgz (GET)
 WARN  Request took 10202ms: https://registry.npmjs.org/pino
 WARN  Tarball download average speed 17 KiB/s (size 34 KiB) is below 50 KiB/s: https://registry.npmjs.org/avvio/-/avvio-9.3.0.tgz (GET)
Progress: resolved 69, reused 1, downloaded 58, added 0
 WARN  Request took 10324ms: https://registry.npmjs.org/abstract-logging
 WARN  Tarball download average speed 7 KiB/s (size 9 KiB) is below 50 KiB/s: https://registry.npmjs.org/secure-json-parse/-/secure-json-parse-4.1.0.tgz (GET)
Progress: resolved 70, reused 1, downloaded 60, added 0
 WARN  Tarball download average speed 17 KiB/s (size 28 KiB) is below 50 KiB/s: https://registry.npmjs.org/semver/-/semver-7.8.5.tgz (GET)
 WARN  Request took 12101ms: https://registry.npmjs.org/toad-cache
Progress: resolved 74, reused 1, downloaded 61, added 0
 WARN  Tarball download average speed 36 KiB/s (size 63 KiB) is below 50 KiB/s: https://registry.npmjs.org/find-my-way/-/find-my-way-9.9.0.tgz (GET)
Progress: resolved 74, reused 1, downloaded 63, added 0
 WARN  Tarball download average speed 3 KiB/s (size 13 KiB) is below 50 KiB/s: https://registry.npmjs.org/@fastify/ajv-compiler/-/ajv-compiler-4.0.6.tgz (GET)
Progress: resolved 77, reused 1, downloaded 64, added 0
Progress: resolved 80, reused 1, downloaded 68, added 0
 WARN  Tarball download average speed 8 KiB/s (size 10 KiB) is below 50 KiB/s: https://registry.npmjs.org/fastq/-/fastq-1.20.3.tgz (GET)
 WARN  Tarball download average speed 0 KiB/s (size 1 KiB) is below 50 KiB/s: https://registry.npmjs.org/abstract-logging/-/abstract-logging-2.0.1.tgz (GET)
 WARN  Tarball download average speed 24 KiB/s (size 64 KiB) is below 50 KiB/s: https://registry.npmjs.org/fast-json-stringify/-/fast-json-stringify-7.0.1.tgz (GET)
Progress: resolved 81, reused 1, downloaded 73, added 0
 WARN  Tarball download average speed 32 KiB/s (size 153 KiB) is below 50 KiB/s: https://registry.npmjs.org/pino/-/pino-10.4.0.tgz (GET)
Progress: resolved 83, reused 1, downloaded 74, added 0
 WARN  Tarball download average speed 30 KiB/s (size 64 KiB) is below 50 KiB/s: https://registry.npmjs.org/fast-uri/-/fast-uri-4.2.1.tgz (GET)
Progress: resolved 87, reused 1, downloaded 75, added 0
Progress: resolved 90, reused 1, downloaded 79, added 0
Progress: resolved 95, reused 1, downloaded 81, added 0
Progress: resolved 96, reused 1, downloaded 86, added 0
 WARN  Tarball download average speed 48 KiB/s (size 212 KiB) is below 50 KiB/s: https://registry.npmjs.org/ajv/-/ajv-8.20.0.tgz (GET)
Progress: resolved 99, reused 1, downloaded 93, added 0
Progress: resolved 100, reused 1, downloaded 93, added 0
 WARN  Tarball download average speed 1 KiB/s (size 4 KiB) is below 50 KiB/s: https://registry.npmjs.org/reusify/-/reusify-1.1.0.tgz (GET)
Progress: resolved 101, reused 1, downloaded 96, added 0
 WARN  Tarball download average speed 24 KiB/s (size 459 KiB) is below 50 KiB/s: https://registry.npmjs.org/@types/node/-/node-26.6.4.tgz (GET)
Progress: resolved 102, reused 1, downloaded 97, added 0
 WARN  Request took 13946ms: https://registry.npmjs.org/cookie
Packages: +105
++++++++++++++++++++++++++++++++++++++++++++++++++++++++++++++++++++++++++++++++
Progress: resolved 103, reused 1, downloaded 99, added 31
Progress: resolved 103, reused 1, downloaded 100, added 102
Progress: resolved 103, reused 1, downloaded 100, added 103
 WARN  Tarball download average speed 16 KiB/s (size 509 KiB) is below 50 KiB/s: https://registry.npmjs.org/fastify/-/fastify-5.12.3.tgz (GET)
Progress: resolved 103, reused 1, downloaded 101, added 103
Progress: resolved 103, reused 1, downloaded 101, added 104
 WARN  Tarball download average speed 14 KiB/s (size 2810 KiB) is below 50 KiB/s: https://registry.npmjs.org/viem/-/viem-2.38.5.tgz (GET)
Progress: resolved 103, reused 1, downloaded 102, added 104
Progress: resolved 103, reused 1, downloaded 102, added 105, done
 ERR_PNPM_PEER_DEP_ISSUES  Unmet peer dependencies

.
├─┬ @hanamesh/server-identity 0.2.0-rc.10
│ └─┬ @better-auth/drizzle-adapter 1.7.4
│   └── ✕ unmet peer @better-auth/utils@0.4.2: found 0.5.0
├─┬ @better-auth/core 1.7.4
│ └── ✕ unmet peer @better-auth/utils@0.4.2: found 0.5.0
└─┬ @hanamesh/server-usage 0.2.0-rc.13
  └── ✕ unmet peer @hanamesh/server-identity@0.2.0-rc.7: found 0.2.0-rc.10
hint: To disable failing on peer dependency issues, add the following to pnpm-workspace.yaml in your project root:

  strictPeerDependencies: false
