TAP version 13
# Subtest: published event nonce is a token, independent of the producer entropy encoding
ok 1 - published event nonce is a token, independent of the producer entropy encoding
  ---
  duration_ms: 2.435583
  type: 'test'
  ...
# Subtest: local stub device ids cannot enter the public wire event
ok 2 - local stub device ids cannot enter the public wire event
  ---
  duration_ms: 0.404542
  type: 'test'
  ...
# Subtest: mixed signed batch with a local stub sends nothing and keeps every event pending
ok 3 - mixed signed batch with a local stub sends nothing and keeps every event pending
  ---
  duration_ms: 1.876208
  type: 'test'
  ...
# Subtest: U11 core link module is present
ok 4 - U11 core link module is present
  ---
  duration_ms: 0.289667
  type: 'test'
  ...
# Subtest: U11 absent and incompatible core stay optional, while late compatible service attaches
ok 5 - U11 absent and incompatible core stay optional, while late compatible service attaches
  ---
  duration_ms: 0.992625
  type: 'test'
  ...
# Subtest: U12 signed event uses canonical six-key bytes and a 64-byte Ed25519 signature
ok 6 - U12 signed event uses canonical six-key bytes and a 64-byte Ed25519 signature
  ---
  duration_ms: 3.02325
  type: 'test'
  ...
# Subtest: U05 core exports the usage event contract surface
ok 7 - U05 core exports the usage event contract surface
  ---
  duration_ms: 0.376584
  type: 'test'
  ...
# Subtest: U05 canonical JSON sorts the six signed keys and wire event has exactly seven keys
ok 8 - U05 canonical JSON sorts the six signed keys and wire event has exactly seven keys
  ---
  duration_ms: 1.563792
  type: 'test'
  ...
# Subtest: U05 event schema is closed and refuses unsafe Hana references
ok 9 - U05 event schema is closed and refuses unsafe Hana references
  ---
  duration_ms: 0.277375
  type: 'test'
  ...
# Subtest: U05 event export is rebuilt field by field and preserves exactly the local contract
ok 10 - U05 event export is rebuilt field by field and preserves exactly the local contract
  ---
  duration_ms: 0.126458
  type: 'test'
  ...
# Subtest: U07 event identities are deterministic UUIDv5 values separated by source semantics
ok 11 - U07 event identities are deterministic UUIDv5 values separated by source semantics
  ---
  duration_ms: 0.419583
  type: 'test'
  ...
# Subtest: U07 EventStore replays as duplicate without changing nonce and rejects identity conflict
ok 12 - U07 EventStore replays as duplicate without changing nonce and rejects identity conflict
  ---
  duration_ms: 0.390208
  type: 'test'
  ...
# Subtest: U08 EventStore never evicts pending events at capacity
ok 13 - U08 EventStore never evicts pending events at capacity
  ---
  duration_ms: 0.298958
  type: 'test'
  ...
# Subtest: U08 EventStore prunes only terminal events older than 90 days
ok 14 - U08 EventStore prunes only terminal events older than 90 days
  ---
  duration_ms: 0.2225
  type: 'test'
  ...
# Subtest: U12 EventStore signs all legacy pending events in one publication
ok 15 - U12 EventStore signs all legacy pending events in one publication
  ---
  duration_ms: 0.2405
  type: 'test'
  ...
# Subtest: U13 EventStore applies accepted, duplicate and rejected batch outcomes atomically
ok 16 - U13 EventStore applies accepted, duplicate and rejected batch outcomes atomically
  ---
  duration_ms: 0.741458
  type: 'test'
  ...
# Subtest: U15 EventStore withdrawal clears all events in one publication before remote work
ok 17 - U15 EventStore withdrawal clears all events in one publication before remote work
  ---
  duration_ms: 0.269583
  type: 'test'
  ...
# Subtest: T6 attribution fields default to null and legacy events without a receipt key still validate
ok 18 - T6 attribution fields default to null and legacy events without a receipt key still validate
  ---
  duration_ms: 0.122459
  type: 'test'
  ...
# Subtest: T6 wire event carries the optional keys only when set; the six-key signing input is unchanged
ok 19 - T6 wire event carries the optional keys only when set; the six-key signing input is unchanged
  ---
  duration_ms: 0.270667
  type: 'test'
  ...
# Subtest: T6 receipt is bounded, content-free and only rides on use events
ok 20 - T6 receipt is bounded, content-free and only rides on use events
  ---
  duration_ms: 0.267541
  type: 'test'
  ...
# Subtest: T6 EventStore dedup identity includes attribution and receipt
ok 21 - T6 EventStore dedup identity includes attribution and receipt
  ---
  duration_ms: 0.169875
  type: 'test'
  ...
# Subtest: T6 legacy snapshot without receipt keys loads and later events coexist
ok 22 - T6 legacy snapshot without receipt keys loads and later events coexist
  ---
  duration_ms: 0.442166
  type: 'test'
  ...
# Subtest: T12 FIXTURE: live source flush/read must precede sidecar write
ok 23 - T12 FIXTURE: live source flush/read must precede sidecar write
  ---
  duration_ms: 4.600584
  type: 'test'
  ...
# Subtest: live listener absence never creates a falsely durable summary
ok 24 - live listener absence never creates a falsely durable summary
  ---
  duration_ms: 0.364542
  type: 'test'
  ...
# Subtest: source read missing terminal refuses publication
ok 25 - source read missing terminal refuses publication
  ---
  duration_ms: 0.326958
  type: 'test'
  ...
# Subtest: source error produces only bounded code diagnostics, not raw credentials
ok 26 - source error produces only bounded code diagnostics, not raw credentials
  ---
  duration_ms: 0.360541
  type: 'test'
  ...
# Subtest: cold replay is read-only, flushes source and deduplicates second reconciliation
ok 27 - cold replay is read-only, flushes source and deduplicates second reconciliation
  ---
  duration_ms: 1.061542
  type: 'test'
  ...
# Subtest: U02 DSH session without Registry binding is recorded with honest unavailable executor
ok 28 - U02 DSH session without Registry binding is recorded with honest unavailable executor
  ---
  duration_ms: 0.444667
  type: 'test'
  ...
# Subtest: fork inherited end is skipped on both live and cold paths
ok 29 - fork inherited end is skipped on both live and cold paths
  ---
  duration_ms: 0.316375
  type: 'test'
  ...
# Subtest: T08 FIXTURE: replayed session/event notifications do not inflate counts
ok 30 - T08 FIXTURE: replayed session/event notifications do not inflate counts
  ---
  duration_ms: 0.5315
  type: 'test'
  ...
# Subtest: export defaults disabled; enabling local policy exposes only projected record
ok 31 - export defaults disabled; enabling local policy exposes only projected record
  ---
  duration_ms: 2.281
  type: 'test'
  ...
# Subtest: T11 FIXTURE ONLY: no connection/cloud module is required for local service
ok 32 - T11 FIXTURE ONLY: no connection/cloud module is required for local service
  ---
  duration_ms: 0.345958
  type: 'test'
  ...
# Subtest: U06 source declaration commits before its derived event
ok 33 - U06 source declaration commits before its derived event
  ---
  duration_ms: 1.251417
  type: 'test'
  ...
# Subtest: U06 derivation failure is bounded and never rolls back the Declaration
ok 34 - U06 derivation failure is bounded and never rolls back the Declaration
  ---
  duration_ms: 0.326583
  type: 'test'
  ...
# Subtest: U09 mounted service exposes the record seat while withheld remains event-free
ok 35 - U09 mounted service exposes the record seat while withheld remains event-free
  ---
  duration_ms: 0.898542
  type: 'test'
  ...
# Subtest: U11 absent and incompatible core never block local Declaration recording
ok 36 - U11 absent and incompatible core never block local Declaration recording
  ---
  duration_ms: 0.54825
  type: 'test'
  ...
# Subtest: U11 late core attachment signs legacy pending events and starts from the current consent
ok 37 - U11 late core attachment signs legacy pending events and starts from the current consent
  ---
  duration_ms: 0.64675
  type: 'test'
  ...
# Subtest: U17 health exposes the complete bounded field table
ok 38 - U17 health exposes the complete bounded field table
  ---
  duration_ms: 0.356292
  type: 'test'
  ...
# Subtest: U19 inventory module is present
ok 39 - U19 inventory module is present
  ---
  duration_ms: 0.319875
  type: 'test'
  ...
# Subtest: U19 first scan installs all, stable/disabled scans add none, upgrade and removal are distinct
ok 40 - U19 first scan installs all, stable/disabled scans add none, upgrade and removal are distinct
  ---
  duration_ms: 8.868459
  type: 'test'
  ...
# Subtest: U19 unreadable entries are isolated and withheld consent updates snapshot without events
ok 41 - U19 unreadable entries are isolated and withheld consent updates snapshot without events
  ---
  duration_ms: 0.243375
  type: 'test'
  ...
# Subtest: official api-key package name cannot abort consented inventory events
ok 42 - official api-key package name cannot abort consented inventory events
  ---
  duration_ms: 0.510334
  type: 'test'
  ...
# Subtest: a pre-consent snapshot with an unsafe official name cannot abort later grant
ok 43 - a pre-consent snapshot with an unsafe official name cannot abort later grant
  ---
  duration_ms: 0.331875
  type: 'test'
  ...
# Subtest: U19 granting consent after a withheld first scan emits the current installs once
ok 44 - U19 granting consent after a withheld first scan emits the current installs once
  ---
  duration_ms: 0.506375
  type: 'test'
  ...
# Subtest: U08 stable inventory rescan does not resurrect a terminal install past retention
ok 45 - U08 stable inventory rescan does not resurrect a terminal install past retention
  ---
  duration_ms: 0.265292
  type: 'test'
  ...
# Subtest: U19 uninstall uses the uninstall identity key
ok 46 - U19 uninstall uses the uninstall identity key
  ---
  duration_ms: 0.208459
  type: 'test'
  ...
# Subtest: U13 upload reporter module is present
ok 47 - U13 upload reporter module is present
  ---
  duration_ms: 0.315834
  type: 'test'
  ...
# Subtest: U13 accepted, duplicate and rejected outcomes become terminal in one batch
ok 48 - U13 accepted, duplicate and rejected outcomes become terminal in one batch
  ---
  duration_ms: 11.461042
  type: 'test'
  ...
# Subtest: U14 401 and 5xx retain pending events, increment attempts and expose only bounded errors
ok 49 - U14 401 and 5xx retain pending events, increment attempts and expose only bounded errors
  ---
  duration_ms: 1.2155
  type: 'test'
  ...
# Subtest: U14 64KiB limit halves a large batch and offline origin sends nothing
ok 50 - U14 64KiB limit halves a large batch and offline origin sends nothing
  ---
  duration_ms: 84.677667
  type: 'test'
  ...
# Subtest: U16 withheld consent performs zero requests across repeated triggers
ok 51 - U16 withheld consent performs zero requests across repeated triggers
  ---
  duration_ms: 0.187042
  type: 'test'
  ...
# Subtest: T6 attributed events upload the optional keys verbatim while plain events keep seven keys
ok 52 - T6 attributed events upload the optional keys verbatim while plain events keep seven keys
  ---
  duration_ms: 0.563666
  type: 'test'
  ...
1..52
# tests 52
# suites 0
# pass 52
# fail 0
# cancelled 0
# skipped 0
# todo 0
# duration_ms 150.320333
