
> hanamesh-usage@0.2.0-rc.9 test:mutations
> node tools/mutations.mjs

{"mutation":"U19-subpath-keeps-module-as-package","baselineExit":0,"mutantExit":1,"killedBy":"ERR_ASSERTION","evidence":"FIXTURE","site":"lib/host/inventory.js"}
{"mutation":"U19-unresolved-subpath-accepted","baselineExit":0,"mutantExit":1,"killedBy":"ERR_ASSERTION","evidence":"FIXTURE","site":"lib/host/inventory.js"}
{"mutation":"T05-unavailable-to-zero","baselineExit":0,"mutantExit":1,"killedBy":"ERR_ASSERTION","evidence":"FIXTURE","site":"lib/core/privacy.js"}
{"mutation":"X03-reverse-durable-order","baselineExit":0,"mutantExit":1,"killedBy":"ERR_ASSERTION","evidence":"FIXTURE","site":"lib/core/boundary.js"}
{"mutation":"U06-guess-unavailable-executor","baselineExit":0,"mutantExit":1,"killedBy":"ERR_ASSERTION","evidence":"FIXTURE","site":"lib/core/derive.js"}
{"mutation":"X03-derive-before-source","baselineExit":0,"mutantExit":1,"killedBy":"ERR_ASSERTION","evidence":"FIXTURE","site":"lib/host/mount.js"}
{"mutation":"X03-withdraw-remote-first","baselineExit":0,"mutantExit":1,"killedBy":"ERR_ASSERTION","evidence":"FIXTURE","site":"lib/host/upload.js"}
{"mutation":"U15-drop-pending-restart","baselineExit":0,"mutantExit":1,"killedBy":"ERR_ASSERTION","evidence":"FIXTURE","site":"lib/host/mount.js"}
{"mutation":"U15-regrant-clears-pending","baselineExit":0,"mutantExit":1,"killedBy":"ERR_ASSERTION","evidence":"FIXTURE","site":"lib/host/upload.js"}
{"mutation":"U14-unauthorized-marked-sent","baselineExit":0,"mutantExit":1,"killedBy":"ERR_ASSERTION","evidence":"FIXTURE","site":"lib/host/upload.js"}
{"mutation":"U16-ignore-withheld-consent","baselineExit":0,"mutantExit":1,"killedBy":"ERR_ASSERTION","evidence":"FIXTURE","site":"lib/host/upload.js"}
{"mutation":"T6-receipt-dropped-from-wire","baselineExit":0,"mutantExit":1,"killedBy":"ERR_ASSERTION","evidence":"FIXTURE","site":"lib/core/events.js"}
{"mutation":"T6-receipt-ignored-by-dedup-identity","baselineExit":0,"mutantExit":1,"killedBy":"ERR_ASSERTION","evidence":"FIXTURE","site":"lib/core/event-store.js"}
{"mutation":"U19-uninstall-uses-install-key","baselineExit":0,"mutantExit":1,"killedBy":"ERR_ASSERTION","evidence":"FIXTURE","site":"lib/host/inventory.js"}
npm notice
npm notice New minor version of npm available! 11.8.0 -> 11.20.0
npm notice Changelog: https://github.com/npm/cli/releases/tag/v11.20.0
npm notice To update run: npm install -g npm@11.20.0
npm notice
