TAP version 13
# Subtest: U19 exported module subpath resolves actual package metadata without executing plugin
not ok 1 - U19 exported module subpath resolves actual package metadata without executing plugin
  ---
  duration_ms: 7.466833
  type: 'test'
  location: '/Users/yzliu/work/projects/hanamesh/_deliveries/product-flow-20260929/branches/consent-points/worktree/tests/inventory.test.mjs:54:1'
  failureType: 'testCodeFailure'
  error: |-
    Expected values to be strictly deep-equal:
    + actual - expected

      {
    +   kind: 'present',
    +   name: '@hanamesh/app-vibe-trading',
    +   version: '0.1.0-rc.27'
    -   kind: 'unreadable'
      }

  code: 'ERR_ASSERTION'
  name: 'AssertionError'
  expected:
    kind: 'unreadable'
  actual:
    kind: 'present'
    name: '@hanamesh/app-vibe-trading'
    version: '0.1.0-rc.27'
  operator: 'deepStrictEqual'
  stack: |-
    file:///Users/yzliu/work/projects/hanamesh/_deliveries/product-flow-20260929/branches/consent-points/worktree/tests/inventory.test.mjs:56:10
    async subpathFixture (file:///Users/yzliu/work/projects/hanamesh/_deliveries/product-flow-20260929/branches/consent-points/worktree/tests/inventory.test.mjs:51:5)
    async Test.run (node:internal/test_runner/test:1110:7)
    async startSubtestAfterBootstrap (node:internal/test_runner/harness:358:3)
  ...
1..1
# tests 1
# suites 0
# pass 0
# fail 1
# cancelled 0
# skipped 0
# todo 0
# duration_ms 63.220375
